#
# File downloaded with
#
#  https://data.cityofchicago.org/api/views/ijzp-q8t2/rows.csv?accessType=DOWNLOAD
#
# 001  ID                    9418031                                 9418090
# 002  Case Number           HW561348                                HW561429
# 003  Date                  12/06/2013 06:25:00 PM                  12/06/2013 06:26:00 PM
# 004  Block                 040XX W WILCOX ST                       026XX W LITHUANIAN PLAZA CT
# 005  IUCR                  2024                                    1310
# 006  Primary Type          NARCOTICS                               CRIMINAL DAMAGE
# 007  Description           POSS: HEROIN(WHITE)                     TO PROPERTY
# 008  Location Description  SIDEWALK                                GROCERY FOOD STORE
# 009  Arrest                true                                    false
# 010  Domestic              false                                   false
# 011  Beat                  1115                                    0831
# 012  District              011                                     008
# 013  Ward                  28                                      15
# 014  Community Area        26                                      66
# 015  FBI Code              18                                      14
# 016  X Coordinate          1149444                                 1160196
# 017  Y Coordinate          1899069                                 1858843
# 018  Year                  2013                                    2013
# 019  Updated On            12/11/2013 12:40:36 AM                  12/10/2013 12:39:15 AM
# 020  Latitude              41.8789661034259                        41.76836587673295
# 021  Longitude             -87.72673345412568                      -87.68836274472295
# 022  Location              (41.8789661034259, -87.72673345412568)  (41.76836587673295, -87.68836274472295)
#

# I1. quadtree index dimension for crime location
index_dimension('location',input('Latitude','Longitude'),latlon(25));

# I2. categorical dimension for the type of crime
index_dimension('type',input('Primary Type'),categorical(8,1));

# I3. time dimension: index the data hourly
index_dimension('time',
                input('Date'),
                time(16,                          # binary tree with 16 levels (slots 0 to 65535)
                     '2013-12-01T00:00:00-06:00', # *base* date time
                     3600,                        # *width* in secs. interval [base, base + width)
                     6*60                         # add 360 minutes to all input values since input comes as if it is UTC and is actually -06:00)
                    ));

# M1. measure dimension for counting  (u32 means integral non-negative and 2^32 - 1 max value)
# if no input .csv column is used in a measure dimention, it functions as a count
# (ie. one for each input record)
measure_dimension('count',input(),u32);

